------------------------------------------------------------
Timing Analyzer Summary
------------------------------------------------------------

Type  : Slow 1100mV 85C Model Setup 'CLOCK_50_B7A'
Slack : -7.556
TNS   : -604.941

Type  : Slow 1100mV 85C Model Setup 'baud_gen:inst7|baud_out_temp'
Slack : -4.091
TNS   : -193.079

Type  : Slow 1100mV 85C Model Hold 'CLOCK_50_B7A'
Slack : 0.342
TNS   : 0.000

Type  : Slow 1100mV 85C Model Hold 'baud_gen:inst7|baud_out_temp'
Slack : 0.425
TNS   : 0.000

Type  : Slow 1100mV 85C Model Minimum Pulse Width 'CLOCK_50_B7A'
Slack : -0.647
TNS   : -145.988

Type  : Slow 1100mV 85C Model Minimum Pulse Width 'baud_gen:inst7|baud_out_temp'
Slack : -0.538
TNS   : -46.945

Type  : Slow 1100mV 0C Model Setup 'CLOCK_50_B7A'
Slack : -7.905
TNS   : -613.296

Type  : Slow 1100mV 0C Model Setup 'baud_gen:inst7|baud_out_temp'
Slack : -3.937
TNS   : -191.301

Type  : Slow 1100mV 0C Model Hold 'CLOCK_50_B7A'
Slack : -0.019
TNS   : -0.019

Type  : Slow 1100mV 0C Model Hold 'baud_gen:inst7|baud_out_temp'
Slack : 0.429
TNS   : 0.000

Type  : Slow 1100mV 0C Model Minimum Pulse Width 'CLOCK_50_B7A'
Slack : -0.692
TNS   : -151.022

Type  : Slow 1100mV 0C Model Minimum Pulse Width 'baud_gen:inst7|baud_out_temp'
Slack : -0.538
TNS   : -46.795

Type  : Fast 1100mV 85C Model Setup 'CLOCK_50_B7A'
Slack : -3.564
TNS   : -215.150

Type  : Fast 1100mV 85C Model Setup 'baud_gen:inst7|baud_out_temp'
Slack : -1.643
TNS   : -81.049

Type  : Fast 1100mV 85C Model Hold 'baud_gen:inst7|baud_out_temp'
Slack : 0.145
TNS   : 0.000

Type  : Fast 1100mV 85C Model Hold 'CLOCK_50_B7A'
Slack : 0.180
TNS   : 0.000

Type  : Fast 1100mV 85C Model Minimum Pulse Width 'CLOCK_50_B7A'
Slack : -0.579
TNS   : -19.309

Type  : Fast 1100mV 85C Model Minimum Pulse Width 'baud_gen:inst7|baud_out_temp'
Slack : -0.061
TNS   : -1.636

Type  : Fast 1100mV 0C Model Setup 'CLOCK_50_B7A'
Slack : -3.292
TNS   : -186.355

Type  : Fast 1100mV 0C Model Setup 'baud_gen:inst7|baud_out_temp'
Slack : -1.509
TNS   : -71.047

Type  : Fast 1100mV 0C Model Hold 'CLOCK_50_B7A'
Slack : 0.009
TNS   : 0.000

Type  : Fast 1100mV 0C Model Hold 'baud_gen:inst7|baud_out_temp'
Slack : 0.126
TNS   : 0.000

Type  : Fast 1100mV 0C Model Minimum Pulse Width 'CLOCK_50_B7A'
Slack : -0.558
TNS   : -18.820

Type  : Fast 1100mV 0C Model Minimum Pulse Width 'baud_gen:inst7|baud_out_temp'
Slack : -0.022
TNS   : -0.583

------------------------------------------------------------
